[marketifythemes.net/html/aale/index-dark.html]
[backblue.gif]
[fade.gif]
[index.html]
[marketifythemes.net/html/aale/css/plugins.css]
[marketifythemes.net/html/aale/css/dark.css]
[marketifythemes.net/html/aale/css/colors.css]
[marketifythemes.net/html/aale/css/style.css]
[marketifythemes.net/html/aale/img/svg/setting.svg]
[marketifythemes.net/html/aale/img/svg/arrow.svg]
[marketifythemes.net/html/aale/img/svg/cancel.svg]
[marketifythemes.net/html/aale/img/logo/dark.png]
[marketifythemes.net/html/aale/img/logo/logo.png]
[marketifythemes.net/html/aale/img/svg/message.svg]
[marketifythemes.net/html/aale/img/hero/1.png]
[marketifythemes.net/html/aale/img/svg/social/facebook.svg]
[marketifythemes.net/html/aale/img/svg/social/twitter.svg]
[marketifythemes.net/html/aale/img/svg/social/instagram.svg]
[marketifythemes.net/html/aale/img/thumbs/45-49.jpg]
[marketifythemes.net/html/aale/img/about/1.jpg]
[marketifythemes.net/html/aale/img/cv/1.jpg]
[marketifythemes.net/html/aale/img/svg/download.svg]
[marketifythemes.net/html/aale/img/thumbs/41-61.jpg]
[marketifythemes.net/html/aale/img/about/2.jpg]
[marketifythemes.net/html/aale/img/thumbs/1-1.jpg]
[marketifythemes.net/html/aale/img/portfolio/1.jpg]
[marketifythemes.net/html/aale/img/svg/social/vimeo.svg]
[marketifythemes.net/html/aale/img/portfolio/2.jpg]
[marketifythemes.net/html/aale/img/svg/social/youtube-2.svg]
[marketifythemes.net/html/aale/img/portfolio/3.jpg]
[marketifythemes.net/html/aale/img/svg/social/soundcloud.svg]
[marketifythemes.net/html/aale/img/portfolio/4.jpg]
[marketifythemes.net/html/aale/img/svg/text.svg]
[marketifythemes.net/html/aale/img/thumbs/4-2.jpg]
[marketifythemes.net/html/aale/img/portfolio/5.jpg]
[marketifythemes.net/html/aale/img/svg/maximize.svg]
[marketifythemes.net/html/aale/img/portfolio/6.jpg]
[marketifythemes.net/html/aale/img/svg/camera-dark.svg]
[marketifythemes.net/html/aale/img/svg/service-dark.png]
[marketifythemes.net/html/aale/img/service/1.jpg]
[marketifythemes.net/html/aale/img/svg/web-dark.svg]
[marketifythemes.net/html/aale/img/service/3.jpg]
[marketifythemes.net/html/aale/img/svg/pen-dark.svg]
[marketifythemes.net/html/aale/img/service/2.jpg]
[marketifythemes.net/html/aale/img/svg/user-dark.svg]
[marketifythemes.net/html/aale/img/service/4.jpg]
[marketifythemes.net/html/aale/img/svg/degree.svg]
[marketifythemes.net/html/aale/img/svg/case.svg]
[marketifythemes.net/html/aale/img/hero/2.png]
[marketifythemes.net/html/aale/img/thumbs/42-29.jpg]
[marketifythemes.net/html/aale/img/news/1.jpg]
[marketifythemes.net/html/aale/img/news/2.jpg]
[marketifythemes.net/html/aale/img/svg/call.svg]
[marketifythemes.net/html/aale/img/svg/send.svg]
[marketifythemes.net/html/aale/img/svg/arrow-top.svg]
[marketifythemes.net/cdn-cgi/scripts/5c5dd728/cloudflare-static/email-decode.min.js]
[marketifythemes.net/html/aale/js/jquery.js]
[marketifythemes.net/html/aale/js/plugins.js]
[marketifythemes.net/html/aale/index-dark.html]
[marketifythemes.net/html/aale/js/init.js]
[marketifythemes.net/html/aale/css/font/fontello3b7f.eot]
[marketifythemes.net/html/aale/css/font/fontello3b7f.woff2]
[marketifythemes.net/html/aale/css/font/fontello3b7f.woff]
[marketifythemes.net/html/aale/css/font/fontello3b7f.ttf]
[marketifythemes.net/html/aale/css/font/fontello3b7f.svg]
[marketifythemes.net/html/aale/css/owl.video.play.png]
[marketifythemes.net/html/aale/css/plugins.css]
[marketifythemes.net/html/aale/css/dark.css]
[marketifythemes.net/html/aale/css/colors.css]
[marketifythemes.net/html/aale/css/style.css]
[marketifythemes.net/html/aale/img/svg/setting.svg]
[marketifythemes.net/html/aale/img/svg/arrow.svg]
[marketifythemes.net/html/aale/img/svg/cancel.svg]
[marketifythemes.net/html/aale/img/svg/message.svg]
[marketifythemes.net/html/aale/img/svg/social/facebook.svg]
[marketifythemes.net/html/aale/img/svg/social/twitter.svg]
[marketifythemes.net/html/aale/img/svg/social/instagram.svg]
[marketifythemes.net/html/aale/img/svg/download.svg]
[marketifythemes.net/html/aale/img/svg/social/vimeo.svg]
[marketifythemes.net/html/aale/img/svg/social/youtube-2.svg]
[marketifythemes.net/html/aale/img/svg/social/soundcloud.svg]
[marketifythemes.net/html/aale/img/svg/text.svg]
[marketifythemes.net/html/aale/img/svg/maximize.svg]
[marketifythemes.net/html/aale/img/svg/camera-dark.svg]
[marketifythemes.net/html/aale/img/svg/web-dark.svg]
[marketifythemes.net/html/aale/img/svg/pen-dark.svg]
[marketifythemes.net/html/aale/img/svg/user-dark.svg]
[marketifythemes.net/html/aale/img/svg/degree.svg]
[marketifythemes.net/html/aale/img/svg/case.svg]
[marketifythemes.net/html/aale/img/svg/call.svg]
[marketifythemes.net/html/aale/img/svg/send.svg]
[marketifythemes.net/html/aale/img/svg/arrow-top.svg]
[marketifythemes.net/html/aale/js/jquery.js]
[marketifythemes.net/html/aale/js/plugins.js]
[marketifythemes.net/html/aale/Trident/index.html]
[marketifythemes.net/html/aale/Edge/index.html]
[marketifythemes.net/html/aale/img.3e.delayed]
[marketifythemes.net/html/aale/js/init.js]
[marketifythemes.net/html/aale/css/font/fontello3b7f.svg]
[marketifythemes.net/html/aale/css/owl.video.play.html]
[marketifythemes.net/html/aale/Trident/index.html]
[marketifythemes.net/html/aale/Edge/index.html]
[marketifythemes.net/html/aale/img.html]
[marketifythemes.net/html/aale/modal/contact.html]
[marketifythemes.net/html/aale/modal/contact.html]
